// Jest Snapshot v1, https://goo.gl/fbAQLP

exports[`<Header /> should be able to render correctly 1`] = `
.c2 {
  display: inline-block;
  vertical-align: middle;
  overflow: hidden;
}

.c1 {
  height: 3rem;
  display: -webkit-box;
  display: -webkit-flex;
  display: -ms-flexbox;
  display: flex;
  -webkit-align-items: center;
  -webkit-box-align: center;
  -ms-flex-align: center;
  align-items: center;
  -webkit-box-pack: center;
  -webkit-justify-content: center;
  -ms-flex-pack: center;
  justify-content: center;
  font-weight: bold;
  border: 0;
  background: transparent;
  -webkit-transition: color 0.1s ease-in-out;
  transition: color 0.1s ease-in-out;
  color: #2A2A2A;
}

.c1 > svg {
  width: 32px;
  height: 32px;
  margin-right: 0.25rem;
}

.c1:hover:not(:disabled) {
  color: #222;
}

.c0 {
  width: 100%;
  display: -webkit-box;
  display: -webkit-flex;
  display: -ms-flexbox;
  display: flex;
  -webkit-align-items: center;
  -webkit-box-align: center;
  -ms-flex-align: center;
  align-items: center;
  height: 4rem;
  padding: 0 1rem;
}

@media (min-width:480px) {
  .c0 {
    padding: 0 2rem;
  }
}

<header
  class="c0"
>
  <button
    class="c1"
  >
    <svg
      aria-hidden="true"
      class="c2"
      fill="currentColor"
      focusable="false"
      viewBox="0 0 16 16"
      xmlns="http://www.w3.org/2000/svg"
    >
      <path
        d="M12 8a.5.5 0 0 1-.5.5H5.707l2.147 2.146a.5.5 0 0 1-.708.708l-3-3a.5.5 0 0 1 0-.708l3-3a.5.5 0 1 1 .708.708L5.707 7.5H11.5a.5.5 0 0 1 .5.5z"
        fill-rule="evenodd"
      />
    </svg>
    back
  </button>
</header>
`;
