// Jest Snapshot v1, https://goo.gl/fbAQLP

exports[`<SelectedSide /> should be able to render correctly 1`] = `
.c3 {
  width: 100%;
  max-width: 12.5rem;
  border-radius: 50%;
}

.c6 {
  display: -webkit-box;
  display: -webkit-flex;
  display: -ms-flexbox;
  display: flex;
  -webkit-align-items: center;
  -webkit-box-align: center;
  -ms-flex-align: center;
  align-items: center;
  -webkit-box-pack: center;
  -webkit-justify-content: center;
  -ms-flex-pack: center;
  justify-content: center;
  padding: 1rem;
  font-weight: bold;
  border: 0;
  border-radius: 0.625rem;
  position: relative;
  -webkit-transition: background-color 0.1s ease-in-out;
  transition: background-color 0.1s ease-in-out;
  background: #FFFFFF;
  color: #2A2A2A;
}

.c6:disabled {
  opacity: 0.5;
  cursor: not-allowed;
}

.c6:hover:not(:disabled) {
  background: #f7f7f7;
}

.c7 {
  visibility: visible;
}

.c0 {
  width: 100%;
  min-height: 100vh;
  background: #2B2B2B;
  color: #FFFFFF;
}

.c1 {
  display: -webkit-box;
  display: -webkit-flex;
  display: -ms-flexbox;
  display: flex;
  -webkit-flex-direction: column;
  -ms-flex-direction: column;
  flex-direction: column;
  -webkit-align-items: center;
  -webkit-box-align: center;
  -ms-flex-align: center;
  align-items: center;
  -webkit-box-pack: center;
  -webkit-justify-content: center;
  -ms-flex-pack: center;
  justify-content: center;
  text-align: center;
  height: calc(100vh - 4rem);
  padding: 0 2.5rem 1.5rem;
}

.c1 .c2 {
  margin-bottom: 2rem;
}

.c1 .c5 {
  margin-top: 2rem;
}

.c4 {
  font-size: 2.25rem;
  line-height: 44px;
  font-weight: 400;
}

.c4 strong {
  display: block;
}

@media (min-width:480px) {
  .c3 {
    max-width: 18.875rem;
  }
}

@media (min-width:768px) {
  .c3 {
    max-width: 23.75rem;
  }
}

@media (min-width:480px) {
  .c6 {
    padding: 1rem 2rem;
  }
}

@media (min-width:768px) {
  .c1 {
    height: auto;
  }

  .c1 .c2 {
    margin-bottom: 1rem;
    -webkit-order: 2;
    -ms-flex-order: 2;
    order: 2;
  }

  .c1 .c5 {
    -webkit-order: 1;
    -ms-flex-order: 1;
    order: 1;
    margin-top: 100px;
    margin-bottom: 4rem;
  }
}

@media (min-width:768px) {
  .c4 {
    -webkit-order: 3;
    -ms-flex-order: 3;
    order: 3;
  }
}

<div
  class="c0"
>
  <div
    data-testid="Mock Header"
  />
  <main
    class="c1"
  >
    <img
      class="c2 c3"
      src="darth"
    />
    <h1
      class="c4"
    >
      Your master is
      <strong>
        Darth Vader 
      </strong>
    </h1>
    <button
      class="c5 c6"
    >
      <div
        class="c7"
      >
        choose your path again, Padawan
      </div>
    </button>
  </main>
</div>
`;
