// Jest Snapshot v1, https://goo.gl/fbAQLP

exports[`<Main /> should render the heading 1`] = `
.c0 {
  color: blue;
}

<main
  class="c0"
>
  <h1>
    Componente de teste
  </h1>
</main>
`;
