// Jest Snapshot v1, https://goo.gl/fbAQLP

exports[`<Avatar /> should render correctly 1`] = `
.c0 {
  width: 23.75rem;
  height: 23.75rem;
  border-radius: 50%;
}

<img
  class="c0"
/>
`;
